// Jest Snapshot v1, https://goo.gl/fbAQLP

exports[`CourseSettingsCard component Matches snapshot 1`] = `"<div style=\\"margin: 30px 0px;\\"><div class=\\"row\\"><div class=\\"col-8\\"><h5>Calculus I</h5><p>John Doe</p><p>August 2019 - December 2019</p><p>Kode Bergabung: 123654</p></div><div class=\\"col-4\\"><button style=\\"width: 100%;\\" class=\\"neutral-button btn btn-secondary\\">Drop kelas</button></div></div></div>"`;
