// Jest Snapshot v1, https://goo.gl/fbAQLP

exports[`Popup component Matches snapshot 1`] = `"<div><button class=\\"MuiButtonBase-root MuiButton-root MuiButton-text\\" tabindex=\\"0\\" type=\\"button\\"><span class=\\"MuiButton-label\\">default purpose</span><span class=\\"MuiTouchRipple-root\\"></span></button></div>"`;
