// Jest Snapshot v1, https://goo.gl/fbAQLP

exports[`StudentCourseForm component Matches snapshot 1`] = `"<div class=\\"container-fluid student-course-form\\"><div class=\\"row\\"><div class=\\"content col-md-6\\" style=\\"background:linear-gradient(41.38deg, #9C27D5 5.56%, #6311AB 112.78%);display:flex\\"><h1 style=\\"color:white;margin:auto\\">Tambah Kelas</h1></div><div class=\\"content col-md-6\\"><p style=\\"margin-bottom:2rem\\">Temukan kelas Anda untuk semester ini melalui kode bergabung yang dibagikan oleh dosen Anda.</p><form style=\\"display:flex;flex-direction:column\\"><label>Kode bergabung</label><input type=\\"text\\" id=\\"joinCode\\" value=\\"\\"/><button class=\\"MuiButtonBase-root MuiButton-root MuiButton-text student-button\\" tabindex=\\"0\\" type=\\"submit\\" style=\\"margin-top:1rem\\"><span class=\\"MuiButton-label\\">Bergabung</span></button></form></div></div></div>"`;
